allocate
bitmaps
column_control
column_data
column_state_machine
documentation
floatmaps
named_events
registermaps
return_codes
rpc_services
state_machine
test.out
tod
watch_dog
while_verify
