pass_c([[
static void test_while_time_out(Handle_config_CFL_t* config_handle) {

]])

   Conf_engine([[config_handle]],50000,4000)
   Def_columns([[column_names]],{ [["reset_loop"]], [["terminate_engine"]] })

   Start_column([["terminate_engine"]],true)
   Wait_delay(10000)
  Log_msg([["time delay done"]])
  Log_msg([["stop engine"]])
  Stop_engine()
  End_column()


  Start_column([["reset_loop"]],true)
  Wait_delay(2000)
  Log_msg([["wait reset"]])
  Reset_column()
  End_column()


pass_c([[
  Start_engine_CFL(input, 100, 30, default_idle_function, default_calendar_function);

  Printf_CFL("Engine Done \n");
  Destroy_engine_CFL(input);
  
}
]])
  

